[WARNING][acronymsdown] Acronym key RL not recognized
[WARNING][acronymsdown] Acronym key RL not recognized
